{
  "$schema": "http://cyclonedx.org/schema/bom-1.7.schema.json",
  "annotations": [
    {
      "annotator": {
        "component": {
          "bom-ref": "tool/qureddy",
          "name": "qureddy",
          "type": "application"
        }
      },
      "bom-ref": "annotation/00-tls.hybrid.negotiated_pq",
      "subjects": [
        "crypto/algorithm/x25519mlkem768"
      ],
      "text": "Hybrid\nd",
      "timestamp": "<normalized-timestamp>"
    },
    {
      "annotator": {
        "component": {
          "bom-ref": "tool/qureddy",
          "name": "qureddy",
          "type": "application"
        }
      },
      "bom-ref": "annotation/01-tls.classical.negotiated_x25519",
      "subjects": [
        "crypto/algorithm/x25519"
      ],
      "text": "Classical control\nd",
      "timestamp": "<normalized-timestamp>"
    }
  ],
  "bomFormat": "CycloneDX",
  "components": [
    {
      "bom-ref": "crypto/algorithm/tls_aes_256_gcm_sha384",
      "cryptoProperties": {
        "algorithmProperties": {
          "classicalSecurityLevel": 256,
          "primitive": "ae"
        },
        "assetType": "algorithm"
      },
      "name": "TLS_AES_256_GCM_SHA384",
      "properties": [
        {
          "name": "qureddy:observation",
          "value": "negotiated"
        }
      ],
      "type": "cryptographic-asset"
    },
    {
      "bom-ref": "crypto/protocol/tls-tlsv1.3",
      "cryptoProperties": {
        "assetType": "protocol",
        "protocolProperties": {
          "cipherSuites": [
            {
              "algorithms": [
                "crypto/algorithm/x25519",
                "crypto/algorithm/x25519mlkem768"
              ],
              "name": "TLS_AES_256_GCM_SHA384"
            }
          ],
          "type": "tls",
          "version": "1.3"
        }
      },
      "name": "TLSv1.3",
      "type": "cryptographic-asset"
    },
    {
      "bom-ref": "crypto/algorithm/x25519",
      "cryptoProperties": {
        "algorithmProperties": {
          "cryptoFunctions": [
            "keygen"
          ],
          "curve": "curve25519",
          "nistQuantumSecurityLevel": 0,
          "primitive": "key-agree"
        },
        "assetType": "algorithm"
      },
      "evidence": {
        "occurrences": [
          {
            "additionalContext": "observation=negotiated; evidence_type=tls.negotiation; confidence=high; source=qureddy.scanners.tls.parse; cipher_suite=TLS_AES_256_GCM_SHA384; return_code=0; command_sha256=8cc515802eb656257c6ef03fde9bf7fb8c1732e8cdcd9f9c75e33bbf2e5ed206; duration_ms=110",
            "location": "tls://example.com:443"
          }
        ]
      },
      "name": "X25519",
      "properties": [
        {
          "name": "qureddy:observation",
          "value": "negotiated"
        },
        {
          "name": "qureddy:readiness",
          "value": "quantum_vulnerable"
        },
        {
          "name": "qureddy:severity",
          "value": "low"
        },
        {
          "name": "qureddy:rule_id",
          "value": "tls.classical.negotiated_x25519"
        }
      ],
      "type": "cryptographic-asset"
    },
    {
      "bom-ref": "crypto/algorithm/x25519mlkem768",
      "cryptoProperties": {
        "algorithmProperties": {
          "cryptoFunctions": [
            "decapsulate",
            "encapsulate",
            "keygen"
          ],
          "nistQuantumSecurityLevel": 3,
          "parameterSetIdentifier": "ML-KEM-768",
          "primitive": "kem"
        },
        "assetType": "algorithm"
      },
      "evidence": {
        "occurrences": [
          {
            "additionalContext": "observation=negotiated; evidence_type=tls.negotiation; confidence=high; source=qureddy.scanners.tls.parse; cipher_suite=TLS_AES_256_GCM_SHA384; return_code=0; command_sha256=3f4a610b5eaa690523372a81f1afde9f1b98fc25648735580c5705519f987448; duration_ms=120",
            "location": "tls://example.com:443"
          }
        ]
      },
      "name": "X25519MLKEM768",
      "properties": [
        {
          "name": "qureddy:observation",
          "value": "negotiated"
        },
        {
          "name": "qureddy:readiness",
          "value": "transitional_hybrid"
        },
        {
          "name": "qureddy:severity",
          "value": "info"
        },
        {
          "name": "qureddy:rule_id",
          "value": "tls.hybrid.negotiated_pq"
        }
      ],
      "type": "cryptographic-asset"
    }
  ],
  "dependencies": [
    {
      "ref": "crypto/algorithm/tls_aes_256_gcm_sha384"
    },
    {
      "ref": "crypto/algorithm/x25519"
    },
    {
      "ref": "crypto/algorithm/x25519mlkem768"
    },
    {
      "ref": "crypto/protocol/tls-tlsv1.3"
    },
    {
      "provides": [
        "crypto/algorithm/tls_aes_256_gcm_sha384",
        "crypto/algorithm/x25519",
        "crypto/algorithm/x25519mlkem768",
        "crypto/protocol/tls-tlsv1.3"
      ],
      "ref": "endpoint"
    }
  ],
  "metadata": {
    "component": {
      "bom-ref": "endpoint",
      "name": "example.com:443",
      "type": "application"
    },
    "properties": [
      {
        "name": "qureddy:scan.completed_at",
        "value": "2026-04-26T00:00:00+00:00"
      },
      {
        "name": "qureddy:scan.finding_count",
        "value": "2"
      },
      {
        "name": "qureddy:scan.highest_severity",
        "value": "low"
      },
      {
        "name": "qureddy:scan.id",
        "value": "scan-1"
      },
      {
        "name": "qureddy:scan.readiness",
        "value": "transitional_hybrid"
      },
      {
        "name": "qureddy:scan.scanner_name",
        "value": "tls"
      },
      {
        "name": "qureddy:scan.started_at",
        "value": "2026-04-26T00:00:00+00:00"
      },
      {
        "name": "qureddy:scan.status",
        "value": "completed"
      },
      {
        "name": "qureddy:scan.total_attempts",
        "value": "2"
      },
      {
        "name": "qureddy:target.host",
        "value": "example.com"
      },
      {
        "name": "qureddy:target.locator",
        "value": "tls://example.com:443"
      },
      {
        "name": "qureddy:target.original_input",
        "value": "example.com"
      },
      {
        "name": "qureddy:target.port",
        "value": "443"
      },
      {
        "name": "qureddy:target.scheme",
        "value": "tls"
      },
      {
        "name": "qureddy:target.sni",
        "value": "example.com"
      }
    ],
    "timestamp": "<normalized-timestamp>",
    "tools": {
      "components": [
        {
          "bom-ref": "tool/openssl",
          "name": "openssl",
          "properties": [
            {
              "name": "qureddy:collector.role",
              "value": "local-probe-runtime"
            },
            {
              "name": "qureddy:openssl.path",
              "value": "/opt/homebrew/opt/openssl@3.5/bin/openssl"
            },
            {
              "name": "qureddy:openssl.supports_tls13_groups",
              "value": "true"
            },
            {
              "name": "qureddy:openssl.supports_x25519mlkem768",
              "value": "true"
            }
          ],
          "type": "application",
          "version": "3.5.7"
        },
        {
          "bom-ref": "tool/qureddy",
          "name": "qureddy",
          "type": "application",
          "version": "0.9.13"
        }
      ]
    }
  },
  "serialNumber": "<normalized-serial-number>",
  "specVersion": "1.7",
  "version": 1
}
